# Yropeên Afyro

include "linux-with-alt-and-altgr.inc"

# Sàpl Txşmaj Majâlt T×M
keymaps 0-4
charset "ISO-8859-1"
strings as usual

# Otr

    keycode   1 = Escape Escape
    keycode  14 = Delete Delete
    keycode  15 = Tab Tab
    keycode  28 = Return
    keycode  29 = Control
    keycode  42 = Shift
    keycode  54 = Shift
    keycode  56 = Alt
    keycode  57 = space   
    keycode  58 = Caps_Lock
    keycode  97 = Control

# La linj prêm

    keycode  41 = grave        asciitilde  dead_breve      dead_abovering

    keycode   2 = one          exclam      U+2216          exclamdown         
    keycode   3 = two          at          U+0086          U+0087
    keycode   4 = three        numbersign  U+0083          sterling
    keycode   5 = four         dollar      U+0080          yen
    keycode   6 = five         percent     U+0089          degree
    keycode   7 = six          asciicircum dead_circumflex dead_caron
    keycode   8 = seven        ampersand   paragraph       section
    keycode   9 = eight        asterisk    ordfeminine     masculine
    keycode  10 = nine         parenleft   U+00AB          U+2039
    keycode  11 = zero         parenright  U+00BB          U+203A
    keycode  12 = bracketleft  braceleft   dead_diaeresis  dead_cedilla            
    keycode  13 = bracketright braceright  dead_macron     dead_ogonek
          
# La linj sêk

    keycode  16 = apostrophe quotedbl aacute      Aacute              
    keycode  17 = comma      less     oacute      Oacute       
    keycode  18 = period     greater  eacute      Eacute
    keycode  19 = p          P        uacute      Uacute       Control_p
    keycode  20 = y          Y        U+00FD      U+00DD       Control_y
    keycode  21 = f          F        ssharp      U+1E9E       Control_f
    keycode  22 = g          G        U+01F9      U+01F8       Control_g
    keycode  23 = c          C        ccedilla    Ccedilla     Control_c
    keycode  24 = r          R        ae          AE           Control_r
    keycode  25 = l          L        oe          OE           Control_l
    keycode  26 = slash      question notsign     questiondown
    keycode  27 = equal      plus     multiply    division       

# La linj têr

    keycode  30 = a         A          acircumflex Acircumflex Control_a
    keycode  31 = o         O          ocircumflex Ocircumflex Control_o
    keycode  32 = e         E          ecircumflex Ecircumflex Control_e
    keycode  33 = u         U          ucircumflex Ucircumflex Control_u
    keycode  34 = i         I          icircumflex Icircumflex Control_i
    keycode  35 = d         D          dstroke     ETH         Control_d
    keycode  36 = h         H          U+1E11      U+1E10      Control_h
    keycode  37 = t         T          U+00FE      U+00DE      Control_t
    keycode  38 = n         N          ntilde      Ntilde      Control_n
    keycode  39 = s         S          scedilla    Scedilla    Control_s
    keycode  40 = minus     underscore U+2014      U+047E          

# La linj kâr

    keycode  44 = semicolon colon agrave Agrave           
    keycode  45 = q         Q     ograve Ograve Control_q
    keycode  46 = j         J     egrave Egrave Control_j
    keycode  47 = k         K     ugrave Ugrave Control_k
    keycode  48 = x         X     oslash Oslash Control_x
    keycode  49 = b         B     iacute Iacute Control_b
    keycode  50 = m         M     yacute Yacute Control_m
    keycode  51 = w         W     U+0175 U+0174 Control_w
    keycode  52 = v         V     U+1E8B U+1E8A Control_v
    keycode  53 = z         Z     U+0225 U+0224 Control_z
    keycode  43 = backslash bar   U+2192 U+2190 
                              
